// Jest Snapshot v1, https://goo.gl/fbAQLP

exports[`About should render 1`] = `
<DocumentFragment>
  <h2>
    About Us
  </h2>
  children
</DocumentFragment>
`;
