// Jest Snapshot v1, https://goo.gl/fbAQLP

exports[`Footer should render 1`] = `
<DocumentFragment>
  <p>
    Copyright Â© 2022 by Bartosz Kulpa 
  </p>
</DocumentFragment>
`;
